// Jest Snapshot v1, https://goo.gl/fbAQLP

exports[`OfferFeatures должен корректно отображаться 1`] = `
<div
  className="property__inside"
>
  <h2
    className="property__inside-title"
  >
    What's inside
  </h2>
  <ul
    className="property__inside-list"
  >
    <li
      className="property__inside-item"
    >
      Feature 1
    </li>
    <li
      className="property__inside-item"
    >
      Feature 2
    </li>
    <li
      className="property__inside-item"
    >
      Feature 3
    </li>
  </ul>
</div>
`;
